---
source: src/ui/draw.rs
expression: text
---
┌────────────────────────────────────────────────────────────────────────────────────────────────────────────────────────────────────────────────────────────────[ ] move┐
│  AMP ──▶ CAB ──▶ MASTER +0.0 ──▶ OUTPUT                                                                              IN uncal▐░░░░░▌          OUT ▐░░░░░▌LIM           │
└────────────────────────────────────────────────────────────────────────────────────────────────────────────────────────────────────────────────────────────────────────┘
┏┤ MARSHALL PLEXI ├━━━━━━━━━━━━━━━━━━━━━━━━━━━━━━━━━━━━━━━━━━━━━━━━━━━━━━━━━━━━━━━━━━━━━━━━━━━━━━━━━━━━━━━━━━━━━━━━━━━┓┏━━━━━━━━━━━━━━━━━━━━━━━━━━━━━━━━━━━┤ 🎙 MARSH GB ├┓
┃                                                                                                                     ┃┃                                                 ┃
┃         ···                ···                 ···                ···                 ··◇                ◇··        ┃┃       ◇··             ···              ···      ┃
┃        · ● ◇              · ● ·               · ● ·              · ● ·               · ● ·              · ● ·       ┃┃      · ● ·           · ● ·            · ● ·     ┃
┃         · ·                ◇ ·                 · ◇                ◇ ·                 · ·                · ·        ┃┃       · ·             ◇ ·              ◇ ·      ┃
┃     VOL II 7.5          VOL I 0.0           BASS 10.0           MID 0.0           TREBLE 6.5        PRESENCE 4.0    ┃┃     MIC 4.0        BLEND 0.0        ROOM 0.0    ┃
┃                                                                                                                     ┃┃                                                 ┃
┃                                                                                                                     ┃┃                                                 ┃
┃▚▞▚▞▚▞▚▞▚▞▚▞▚▞▚▞▚▞▚▞▚▞▚▞▚▞▚▞▚▞▚▞▚▞▚▞▚▞▚▞▚▞▚▞▚▞▚▞▚▞▚▞▚▞▚▞▚▞▚▞▚▞▚▞▚▞▚▞▚▞▚▞▚▞▚▞▚▞▚▞▚▞▚▞▚▞▚▞▚▞▚▞▚▞▚▞▚▞▚▞▚▞▚▞▚▞▚▞▚▞▚▞▚▞▚▞▚┃┃▚▞▚▞▚▞▚▞▚▞▚▞▚▞▚▞▚▞▚▞▚▞▚▞▚▞▚▞▚▞▚▞▚▞▚▞▚▞▚▞▚▞▚▞▚▞▚▞▚┃
┗━━━━━━━━━━━━━━━━━━━━━━━━━━━━━━━━━━━━━━━━━━━━━━━━━━━━━━━━━━━━━━━━━━━━━━━━━━━━━━━━━━━━━━━━━━━━━━━━━━━━━━━━━━━━━━━━━━━━━┛┗━━━━━━━━━━━━━━━━━━━━━━━━━━━━━━━━━━━━━━━━━━━━━━━━━┛
┌ GUITAR RIG ────────────────────────────────────────────────────────────────────────────────────────────────────────────────────────────────────────────────────────────┐
│┌ NOISE GATE ○ ──────────────────────────┐┌ WHAMMY ○ ──────────────────────────────┐┌ COMP ○ ────────────────────────────────┐┌ + ADD ─────────────────────────────────┐│
││                2.0  3.0                ││              5.0  5.0  7.0             ││              4.0  3.0  5.0             ││                   ＋                    ││
│└────────────────────────────────────────┘└────────────────────────────────────────┘└────────────────────────────────────────┘└────────────────────────────────────────┘│
││├────────────────────────────────────────────────────────────────────────────────────────────────────────────────────────────────────────────────────────────────────┤││
││                   ┌───────────────┐                                                                                                                                  ││
││                   │      ·◆·      │                                              ·◇·                                                    ···◇                         ││
││                   │     · ● ·     │                                             · ● ·                                                  · ● ·                         ││
││                   │      · ·      │                                              · ·                                                    · ·                          ││
││                   │   PITCH 5.0   │                                            MIX 5.0                                               TONE 7.0                        ││
││                   └───────────────┘                                                                                                                                  ││
│└──────────────────────────────────────────────────────────────────────────────────────────────────────────────────────────────────────────────────────────────────────┘│
└────────────────────────────────────────────────────────────────────────────────────────────────────────────────────────────────────────────────────────────────────────┘
                                                                           K keybindings  Q quit
