---
source: src/ui/draw.rs
expression: text
---
┌────────────────────────────────────────────────────────────────────────────────────────────────────────────────────────────────────────────────────────────────[ ] move┐
│  AMP ──▶ CAB ──▶ OUTPUT                                                                                              IN uncal▐░░░░░▌          OUT ▐░░░░░▌LIM           │
└────────────────────────────────────────────────────────────────────────────────────────────────────────────────────────────────────────────────────────────────────────┘
┏┤ MARSHALL PLEXI ├━━━━━━━━━━━━━━━━━━━━━━━━━━━━━━━━━━━━━━━━━━━━━━━━━━━━━━━━━━━━━━━━━━━━━━━━━━━━━━━━━━━━━━━━━━━━━━━━━━━┓┏━━━━━━━━━━━━━━━━━━━━━━━━━━━━━━━━━━━┤ 🎙 MARSH GB ├┓
┃                                                                                                                     ┃┃                                                 ┃
┃       ···              ···             ···              ···              ··◇              ◇··             ·◇·       ┃┃       ◇··             ···              ···      ┃
┃      · ● ◇            · ● ·           · ● ·            · ● ·            · ● ·            · ● ·           · ● ·      ┃┃      · ● ·           · ● ·            · ● ·     ┃
┃       · ·              ◇ ·             · ◇              ◇ ·              · ·              · ·             · ·       ┃┃       · ·             ◇ ·              ◇ ·      ┃
┃   VOL II 7.5        VOL I 0.0   ╔ P R E S E T S   filter: lead ══════════════════════════════════════════════════════════════════════╗    BLEND 0.0        ROOM 0.0    ┃
┃                                 ║    Default values                                                                                  ║                                 ┃
┃                                 ║  ▶ My Lead  saved rig  [user]                                                                      ║                                 ┃
┃▚▞▚▞▚▞▚▞▚▞▚▞▚▞▚▞▚▞▚▞▚▞▚▞▚▞▚▞▚▞▚▞▚║                                                                                                    ║▚▞▚▞▚▞▚▞▚▞▚▞▚▞▚▞▚▞▚▞▚▞▚▞▚▞▚▞▚▞▚▞▚┃
┗━━━━━━━━━━━━━━━━━━━━━━━━━━━━━━━━━║                                                                                                    ║━━━━━━━━━━━━━━━━━━━━━━━━━━━━━━━━━┛
┌ GUITAR RIG ─────────────────────║                                                                                                    ║─────────────────────────────────┐
│┌ + ADD ─────────────────────────║                                                                                                    ║────────────────────────────────┐│
││                                ║                                                                                                    ║                                ││
│└────────────────────────────────║                                                                                                    ║────────────────────────────────┘│
││├───────────────────────────────║                                                                                                    ║───────────────────────────────┤││
││SELECT A PEDAL — ←→             ║                                                                                                    ║                                ││
││                                ║                                                                                                    ║                                ││
││                                ║                                                                                                    ║                                ││
││                                ║                                                                                                    ║                                ││
││                                ║                                                                                                    ║                                ││
││                                ║                                                                                                    ║                                ││
│└────────────────────────────────║                                                                                                    ║────────────────────────────────┘│
└─────────────────────────────────║                                                                                                    ║─────────────────────────────────┘
                                  ║                                                                                                    ║                                  
                                  ║                                                                                                    ║                                  
                                  ║                                                                                                    ║                                  
                                  ║                                                                                                    ║                                  
                                  ║                                                                                                    ║                                  
                                  ║                                                                                                    ║                                  
                                  ║                                                                                                    ║                                  
                                  ║                                                                                                    ║                                  
                                  ║                                                                                                    ║                                  
                                  ║                                                                                                    ║                                  
                                  ║                                                                                                    ║                                  
                                  ║                                                                                                    ║                                  
                                  ║                                                                                                    ║                                  
                                  ║                                                                                                    ║                                  
                                  ║                                                                                                    ║                                  
                                  ║                                                                                                    ║                                  
                                  ║                                                                                                    ║                                  
                                  ║↑/↓ navigate  / search  Enter apply  S save  E export  I import  F favorite  X A/B  D delete  Esc / ║                                  
                                  ║                                            ● user preset                                           ║                                  
                                  ╚════════════════════════════════════════════════════════════════════════════════════════════════════╝
