---
source: src/ui/draw.rs
expression: text
---
┌─────────────────────────────────────╔ K E Y B I N D I N G S ════════════════════════════════════════════════════════════════════╗──────────────────────────────[ ] move┐
│  AMP ──▶ CAB ──▶ MASTER +0.0 ──▶ OUT║Panels & chain                                                                             ║░░▌          OUT ▐░░░░░▌LIM           │
└─────────────────────────────────────║  1 / 2 / 3 / 4  focus chain, amp, timeline, pedals (again: hide → timeline)               ║──────────────────────────────────────┘
┏┤ MARSHALL PLEXI ├━━━━━━━━━━━━━━━━━━━║  Tab / Shift-Tab  cycle focus through the visible panels                                  ║━━━━━━━━━━━━━━━━━━━━━━━━┤ 🎙 MARSH GB ├┓
┃                                     ║  ←/→  move inside the focused panel                                                       ║                                      ┃
┃         ···                ···      ║  [ / ]  move the ribbon's stage earlier / later                                           ║            ···              ···      ┃
┃        · ● ◇              · ● ·     ║  note  between AMP and CAB = line-level; a full-rig AU is post-mic                        ║           · ● ·            · ● ·     ┃
┃         · ·                ◇ ·      ║  Space  bypass stage, pedal, or transport under focus                                     ║            ◇ ·              ◇ ·      ┃
┃     VOL II 7.5          VOL I 0.0   ║Play & edit                                                                                ║0        BLEND 0.0        ROOM 0.0    ┃
┃                                     ║  ↑/↓  +/−  knob / adjust value                                                            ║                                      ┃
┃                                     ║  D  remove pedal from the board                                                           ║                                      ┃
┃▚▞▚▞▚▞▚▞▚▞▚▞▚▞▚▞▚▞▚▞▚▞▚▞▚▞▚▞▚▞▚▞▚▞▚▞▚║  A  amp model browser (on the pedalboard: add a pedal)                                    ║▞▚▞▚▞▚▞▚▞▚▞▚▞▚▞▚▞▚▞▚▞▚▞▚▞▚▞▚▞▚▞▚▞▚▞▚▞▚┃
┗━━━━━━━━━━━━━━━━━━━━━━━━━━━━━━━━━━━━━║  C  cabinet model browser                                                                 ║━━━━━━━━━━━━━━━━━━━━━━━━━━━━━━━━━━━━━━┛
┌ GUITAR RIG ─────────────────────────║  I / X  IR browser / IR bypass                                                            ║──────────────────────────────────────┐
│┌ + ADD ─────────────────────────────║  O  change audio devices                                                                  ║─────────────────────────────────────┐│
││                                    ║  W  studio-master width: neutral / wide                                                   ║                                     ││
│└────────────────────────────────────║  panel 1 master cell: ←/→ select it, ↑/↓ set the rig output                               ║─────────────────────────────────────┘│
││├───────────────────────────────────║  ;  tap tempo: set the delay time by tapping                                              ║────────────────────────────────────┤││
││SELECT A PEDAL — ←→                 ║  Z / U  amp-plugin bypass / browser                                                       ║                                     ││
││                                    ║Tools                                                                                      ║                                     ││
││                                    ║  P  preset browser (rig snapshot)                                                         ║                                     ││
││                                    ║  S  save current rig as preset                                                            ║                                     ││
││                                    ║  J  session browser: new / save / save as / load (/ search)                               ║                                     ││
││                                    ║  T  chromatic tuner                                                                       ║                                     ││
│└────────────────────────────────────║  M  practice metronome (+/− tempo, Space on/off)                                          ║─────────────────────────────────────┘│
└─────────────────────────────────────║  N  calibrate input level                                                                 ║──────────────────────────────────────┘
                                      ║  V  plugin browser                                                                        ║                                       
                                      ║  R  arm / stop a dry raw take (auto-plays; lands on the timeline)                         ║                                       
                                      ║Looper (monitor only)                                                                      ║                                       
                                      ║  Y  record / pause / resume the loop                                                      ║                                       
                                      ║  F  clear the loop                                                                        ║                                       
                                      ║  , / .  toggle overdub / undo the last overdub layer                                      ║                                       
                                      ║  Q / Ctrl-C  quit                                                                         ║                                       
                                      ║Panels                                                                                     ║                                       
                                      ║  B  import a track (MP3/WAV/FLAC); / search · L library                                   ║                                       
                                      ║Preset browser                                                                             ║                                       
                                      ║  /  search: type to filter name / description (Backspace; Esc clears)                     ║                                       
                                      ║  ↑/↓  Enter  navigate / apply (audio uninterrupted)                                       ║                                       
                                      ║  S / E / I  save / export / import                                                        ║                                       
                                      ║  F  favorite the selected preset                                                          ║                                       
                                      ║  X  A/B: swap the last two applied presets                                                ║                                       
                                      ║  D  delete (user presets only)                                                            ║                                       
                                      ║Timeline (focused)                                                                         ║                                       
                                      ║  Space  play / pause (any row)                                                            ║                                       
                                      ║  M  mute the selected track                                                               ║                                       
                                      ║  Enter  jump to start (loop in-point if looped)                                           ║                                       
                                      ║  ↑/↓  ←/→  select row / seek by the step                                                  ║                                       
                                      ║  +/−  step (seek & move): 0.01/0.05/0.1/0.5/1/5/10/30 s                                   ║                                       
                                      ║  z / v  row height / waveform glyph style                                                 ║                                       
                                      ║  Shift+A / Shift+↑↓  waveform gain / time zoom                                            ║                                       
                                      ║  G  selected track gain                                                                   ║                                       
                                      ║  H  move selected clip (arrows by step; +/− changes it)                                   ║                                       
                                      ║  E  export unmuted raw takes (Tab: full / loop)                                           ║                                       
                                      ║                                       Esc / K close                                       ║                                       
                                      ╚═══════════════════════════════════════════════════════════════════════════════════════════╝
